base referer
rect $dc/d8b/classmy_m_d_1_1_view_1_1_abstract_pages_1_1_custom_content_page.html 5,208 324,235
rect $d3/d67/classmy_m_d_1_1_view_1_1_medication_tab_pages_1_1_detailed_medication_page.html 375,5 748,32
rect $dc/d59/classmy_m_d_1_1_view_1_1_medication_tab_pages_1_1_medication_page.html 398,56 725,83
rect $d5/d00/classmy_m_d_1_1_view_1_1_overview_tab_pages_1_1_detailed_doctors_letter_page.html 374,107 749,133
rect $d4/df4/classmy_m_d_1_1_view_1_1_overview_tab_pages_1_1_overview_page.html 411,157 711,184
rect $d1/de7/classmy_m_d_1_1_view_1_1_profile_tab_pages_1_1_profile_page.html 425,208 697,235
rect $d4/ddc/classmy_m_d_1_1_view_1_1_send_data_tab_pages_1_1_select_device_page.html 395,259 727,285
rect $d7/d7e/classmy_m_d_1_1_view_1_1_send_data_tab_pages_1_1_select_doctors_letters_page.html 372,309 751,336
rect $d9/d97/classmy_m_d_1_1_view_1_1_send_data_tab_pages_1_1_send_data_page.html 404,360 719,387
rect $d2/dff/classmy_m_d_1_1_view_1_1_send_data_tab_pages_1_1_transmitting_data_page.html 384,411 739,437
