base referer
rect dir_D_3A_2FStudium_2FWS17_2D18_2FPSE_2FImplementierung_2FmyMD_2FmyMD_2FModel_2FDatabaseModel_2F.html 777,63 889,111
rect dir_D_3A_2FStudium_2FWS17_2D18_2FPSE_2FImplementierung_2FmyMD_2FmyMD_2FModel_2FDataModel_2F.html 669,63 753,111
rect dir_D_3A_2FStudium_2FWS17_2D18_2FPSE_2FImplementierung_2FmyMD_2FmyMD_2FModel_2FEntityFactory_2F.html 545,63 645,111
rect dir_D_3A_2FStudium_2FWS17_2D18_2FPSE_2FImplementierung_2FmyMD_2FmyMD_2FModel_2FFileHelper_2F.html 440,63 520,111
rect dir_D_3A_2FStudium_2FWS17_2D18_2FPSE_2FImplementierung_2FmyMD_2FmyMD_2FModel_2FModelFacade_2F.html 315,63 415,111
rect dir_D_3A_2FStudium_2FWS17_2D18_2FPSE_2FImplementierung_2FmyMD_2FmyMD_2FModel_2FParserModel_2F.html 197,63 291,111
rect dir_D_3A_2FStudium_2FWS17_2D18_2FPSE_2FImplementierung_2FmyMD_2FmyMD_2FModel_2FTransmissionModel_2F.html 38,63 173,111
rect dir_D_3A_2FStudium_2FWS17_2D18_2FPSE_2FImplementierung_2FmyMD_2FmyMD_2FModel_2F.html 27,52 996,121
rect dir_D_3A_2FStudium_2FWS17_2D18_2FPSE_2FImplementierung_2FmyMD_2FmyMD_2F.html 16,16 1007,132
