base referer
rect $d2/d64/interfacemy_m_d_1_1_model_interface_1_1_data_model_interface_1_1_i_entity.html 5,195 321,221
rect $db/dac/classmy_m_d_1_1_model_1_1_data_model_1_1_data.html 831,157 1039,184
rect $d7/d0a/classmy_m_d_1_1_model_1_1_data_model_1_1_entity.html 422,245 637,272
rect $d6/d01/interfacemy_m_d_1_1_model_interface_1_1_data_model_interface_1_1_i_data.html 375,93 684,120
rect $d0/d0d/interfacemy_m_d_1_1_model_interface_1_1_data_model_interface_1_1_i_doctor.html 369,195 689,221
rect $da/d94/interfacemy_m_d_1_1_model_interface_1_1_data_model_interface_1_1_i_profile.html 370,296 689,323
rect $dc/d86/classmy_m_d_1_1_model_1_1_data_model_1_1_doctors_letter.html 1198,151 1457,177
rect $db/dfe/classmy_m_d_1_1_model_1_1_data_model_1_1_doctors_letter_group.html 1180,12 1475,39
rect $d0/daf/classmy_m_d_1_1_model_1_1_data_model_1_1_medication.html 1205,88 1449,115
rect $db/d24/classmy_m_d_1_1_model_1_1_data_model_1_1_doctor.html 825,233 1044,260
rect $d6/d2c/classmy_m_d_1_1_model_1_1_data_model_1_1_profile.html 826,284 1043,311
rect $db/d8c/interfacemy_m_d_1_1_model_interface_1_1_data_model_interface_1_1_i_doctors_letter.html 755,107 1115,133
rect $d1/df0/interfacemy_m_d_1_1_model_interface_1_1_data_model_interface_1_1_i_doctors_letter_group.html 737,5 1132,32
rect $d2/dce/interfacemy_m_d_1_1_model_interface_1_1_data_model_interface_1_1_i_medication.html 762,56 1107,83
